# What each profile's own SUnit suites score, as of the last time somebody
# looked.  Read by tests/run_profiles.sh, which `make test` runs.
#
# This is a RATCHET, not a target.  The rule is that neither number may fall:
# a suite that ran 633 tests must still run 633, and a suite that passed 633
# must still pass 633.  Both directions matter, and the first one matters
# more than it looks -- a package whose tests stop being FOUND reports a
# perfect score, and that is exactly the shape of the failure this file
# exists to catch.  The Chronology suites spent a while reporting nothing at
# all because four classes deadlocked the runner, and nothing noticed.
#
# Improving a number fails too, with a message saying so.  That is
# deliberate: an unrecorded improvement is an improvement nothing is
# protecting, and the next regression silently spends it.  Edit the line in
# the same commit that earns it.
#
# Every profile is at 100%.  Two of them get there with something excluded and
# each says so in its own text: pharo-announcements excludes WeakAnnouncerTest,
# and pharo-weak excludes the four Dictionary tests whose superclass lives in a
# package it does not load.
#
# pharo-weak was 12/32 until the profile was given the classes its subjects are
# written against -- Pharo's WeakSet is a Pharo Set subclass and this profile
# was running it on 1983's -- and until the collector stopped marking a
# context's stack above its stack pointer.
#
# pharo-collections runs Pharo's Set, Dictionary, IdentityDictionary, Bag and
# MethodDictionary against the package's OWN tests, 469 of them, and all 469
# pass.  It was 115 when they were first wired in, and the grind from there
# found faults in this system rather than in the tests: a block with a
# trailing period answered nil, Object>>copy did not send postCopy so every
# copy of a Pharo collection shared its storage, becomeForward: did not
# exist, and the collector refused ephemerons.  Two of those four were
# compiler and object-memory bugs that had nothing to do with collections.
#
# A profile with no SUnit at all (bluebook) is not listed: it has no
# TestCase, so there is nothing to ask it.
#
# lib/Library-Tests adds 45 tests of the 1983 library itself -- the numeric
# tower, the collections, strings and streams -- so every profile that
# requires st2026 gains them too.  They found three bugs on their first run:
# a negative large-integer LITERAL lost its sign, a literal wider than 64
# bits wrapped, and the parser dropped whatever followed a complete method
# body instead of refusing it.
#
# profile               run  passed
st2026                  61   61
pharo-announcements     92   92
pharo-time              682  682
pharo-weak              81   81
pharo-collections       518  518
